\BOOKMARK [1][-]{section.1}{\376\377\006\105\006\102\006\057\006\105\006\107}{}% 1
\BOOKMARK [2][-]{subsection.1.1}{\376\377\006\063\006\047\006\056\006\052\006\047\006\061\000\040\006\176\006\061\006\110\006\230\006\107}{section.1}% 2
\BOOKMARK [2][-]{subsection.1.2}{\376\377\006\104\006\314\006\106\006\251\040\014\006\107\006\047\006\314\000\040\006\176\006\061\006\110\006\230\006\107}{section.1}% 3
\BOOKMARK [1][-]{section.2}{\376\377\006\063\006\110\006\047\006\104\000\040\006\361\000:\000\040\006\047\006\106\006\052\006\056\006\047\006\050\000\040\006\110\006\314\006\230\006\257\006\314\000\040\006\050\006\047\000\040\006\047\006\063\006\052\006\101\006\047\006\057\006\107\000\040\006\047\006\062\000\040\006\047\006\104\006\257\006\110\006\061\006\314\006\052\006\105\040\014\006\107\006\047\006\314\000\040\006\050\006\107\006\314\006\106\006\107\040\014\006\063\006\047\006\062\006\314}{}% 4
\BOOKMARK [2][-]{subsection.2.1}{\376\377\006\105\006\102\006\057\006\105\006\107}{section.2}% 5
\BOOKMARK [2][-]{subsection.2.2}{\376\377\006\176\006\314\006\064\040\014\006\176\006\061\006\057\006\047\006\062\006\064\000\040\006\057\006\047\006\057\006\107}{section.2}% 6
\BOOKMARK [2][-]{subsection.2.3}{\376\377\006\047\006\104\006\257\006\110\006\061\006\314\006\052\006\105\000\040\006\050\006\107\006\314\006\106\006\107\040\014\006\063\006\047\006\062\006\314\000\040\006\047\006\062\006\057\006\055\006\047\006\105\000\040\006\060\006\061\006\047\006\052\000\040\000\050\000P\000S\000O\000\051}{section.2}% 7
\BOOKMARK [3][-]{subsubsection.2.3.1}{\376\377\006\105\006\251\006\047\006\106\006\314\006\062\006\105\000\040\006\047\006\104\006\257\006\110\006\061\006\314\006\052\006\105\000\040\000P\000S\000O}{subsection.2.3}% 8
\BOOKMARK [3][-]{subsubsection.2.3.2}{\376\377\006\176\006\047\006\061\006\047\006\105\006\052\006\061\006\107\006\047\006\314\000\040\006\047\006\104\006\257\006\110\006\061\006\314\006\052\006\105\000\040\000P\000S\000O\000\040\006\110\000\040\006\052\006\055\006\104\006\314\006\104\000\040\006\042\006\106\040\014\006\107\006\047}{subsection.2.3}% 9
\BOOKMARK [3][-]{subsubsection.2.3.3}{\376\377\006\052\006\055\006\104\006\314\006\104\000\040\006\107\006\105\006\257\006\061\006\047\006\314\006\314\000\040\000P\000S\000O}{subsection.2.3}% 10
\BOOKMARK [3][-]{subsubsection.2.3.4}{\376\377\006\106\006\052\006\047\006\314\006\054\000\040\000P\000S\000O}{subsection.2.3}% 11
\BOOKMARK [2][-]{subsection.2.4}{\376\377\006\047\006\104\006\257\006\110\006\061\006\314\006\052\006\105\000\040\006\230\006\106\006\052\006\314\006\251\000\040\000\050\000G\000A\000\051}{section.2}% 12
\BOOKMARK [3][-]{subsubsection.2.4.1}{\376\377\006\105\006\251\006\047\006\106\006\314\006\062\006\105\000\040\006\047\006\104\006\257\006\110\006\061\006\314\006\052\006\105\000\040\000G\000A}{subsection.2.4}% 13
\BOOKMARK [3][-]{subsubsection.2.4.2}{\376\377\006\176\006\047\006\061\006\047\006\105\006\052\006\061\006\107\006\047\006\314\000\040\006\047\006\104\006\257\006\110\006\061\006\314\006\052\006\105\000\040\000G\000A\000\040\006\110\000\040\006\052\006\055\006\104\006\314\006\104\000\040\006\042\006\106\040\014\006\107\006\047}{subsection.2.4}% 14
\BOOKMARK [3][-]{subsubsection.2.4.3}{\376\377\006\052\006\055\006\104\006\314\006\104\000\040\006\107\006\105\006\257\006\061\006\047\006\314\006\314\000\040\000G\000A}{subsection.2.4}% 15
\BOOKMARK [3][-]{subsubsection.2.4.4}{\376\377\006\106\006\052\006\047\006\314\006\054\000\040\000G\000A}{subsection.2.4}% 16
\BOOKMARK [2][-]{subsection.2.5}{\376\377\006\105\006\102\006\047\006\314\006\063\006\107\000\040\006\106\006\052\006\047\006\314\006\054}{section.2}% 17
\BOOKMARK [3][-]{subsubsection.2.5.1}{\376\377\006\052\006\055\006\104\006\314\006\104\000\040\006\071\006\105\006\104\006\251\006\061\006\057\000\040\006\110\000\040\006\105\006\102\006\047\006\314\006\063\006\107\000\040\006\054\006\047\006\105\006\071}{subsection.2.5}% 18
\BOOKMARK [1][-]{section.3}{\376\377\006\063\006\110\006\047\006\104\000\040\006\362\000:\000\040\006\056\006\110\006\064\006\107\040\014\006\050\006\106\006\057\006\314\000\040\006\110\000\040\006\251\006\047\006\107\006\064\000\040\006\047\006\050\006\071\006\047\006\057}{}% 19
\BOOKMARK [2][-]{subsection.3.1}{\376\377\006\105\006\102\006\057\006\105\006\107}{section.3}% 20
\BOOKMARK [2][-]{subsection.3.2}{\376\377\006\176\006\314\006\064\040\014\006\176\006\061\006\057\006\047\006\062\006\064\000\040\006\057\006\047\006\057\006\107}{section.3}% 21
\BOOKMARK [2][-]{subsection.3.3}{\376\377\006\052\006\055\006\104\006\314\006\104\000\040\006\105\006\044\006\104\006\101\006\107\000\040\006\047\006\065\006\104\006\314\000\040\000\050\000P\000C\000A\000\051}{section.3}% 22
\BOOKMARK [2][-]{subsection.3.4}{\376\377\006\056\006\110\006\064\006\107\040\014\006\050\006\106\006\057\006\314\000\040\000K\000-\000M\000e\000a\000n\000s}{section.3}% 23
\BOOKMARK [3][-]{subsubsection.3.4.1}{\376\377\006\052\006\055\006\104\006\314\006\104\000\040\006\054\006\047\006\105\006\071\000\040\000K\000\040\006\047\006\062\000\040\0002\000\040\006\052\006\047\000\040\0001\0000}{subsection.3.4}% 24
\BOOKMARK [3][-]{subsubsection.3.4.2}{\376\377\006\047\006\106\006\052\006\056\006\047\006\050\000\040\000K\000\040\006\050\006\107\006\314\006\106\006\107}{subsection.3.4}% 25
\BOOKMARK [2][-]{subsection.3.5}{\376\377\006\056\006\110\006\064\006\107\040\014\006\050\006\106\006\057\006\314\000\040\006\063\006\104\006\063\006\104\006\107\040\014\006\105\006\061\006\047\006\052\006\050\006\314\000\040\006\052\006\054\006\105\006\071\006\314}{section.3}% 26
\BOOKMARK [3][-]{subsubsection.3.5.1}{\376\377\006\105\006\102\006\047\006\314\006\063\006\107\000\040\006\061\006\110\006\064\040\014\006\107\006\047\006\314\000\040\006\176\006\314\006\110\006\106\006\057}{subsection.3.5}% 27
\BOOKMARK [3][-]{subsubsection.3.5.2}{\376\377\006\050\006\107\006\052\006\061\006\314\006\106\000\040\006\061\006\110\006\064\000\040\006\176\006\314\006\110\006\106\006\057}{subsection.3.5}% 28
\BOOKMARK [2][-]{subsection.3.6}{\376\377\006\056\006\110\006\064\006\107\040\014\006\050\006\106\006\057\006\314\000\040\000D\000B\000S\000C\000A\000N}{section.3}% 29
\BOOKMARK [3][-]{subsubsection.3.6.1}{\376\377\006\054\006\063\006\052\006\054\006\110\006\314\000\040\006\064\006\050\006\251\006\107\000\040\006\176\006\047\006\061\006\047\006\105\006\052\006\061\006\107\006\047}{subsection.3.6}% 30
\BOOKMARK [3][-]{subsubsection.3.6.2}{\376\377\006\050\006\107\006\052\006\061\006\314\006\106\000\040\006\176\006\314\006\251\006\061\006\050\006\106\006\057\006\314\000\040\000D\000B\000S\000C\000A\000N}{subsection.3.6}% 31
\BOOKMARK [2][-]{subsection.3.7}{\376\377\006\052\006\065\006\047\006\110\006\314\006\061\000\040\006\056\006\110\006\064\006\107\040\014\006\050\006\106\006\057\006\314}{section.3}% 32
\BOOKMARK [3][-]{subsubsection.3.7.1}{\376\377\006\052\006\055\006\104\006\314\006\104\000\040\006\105\006\071\006\314\006\047\006\061\006\107\006\047\006\314\000\040\006\056\006\110\006\064\006\107\040\014\006\050\006\106\006\057\006\314}{subsection.3.7}% 33
\BOOKMARK [3][-]{subsubsection.3.7.2}{\376\377\006\106\006\105\006\110\006\057\006\047\006\061\000\040\000I\000n\000e\000r\000t\000i\000a\000\040\006\110\000\040\000S\000i\000l\000h\000o\000u\000e\000t\000t\000e\000\040\000S\000c\000o\000r\000e\000\040\006\050\006\061\006\047\006\314\000\040\000K\000-\000M\000e\000a\000n\000s}{subsection.3.7}% 34
\BOOKMARK [3][-]{subsubsection.3.7.3}{\376\377\006\105\006\102\006\047\006\314\006\063\006\107\000\040\000S\000i\000l\000h\000o\000u\000e\000t\000t\000e\000\040\000S\000c\000o\000r\000e\000\040\006\050\006\061\006\047\006\314\000\040\006\061\006\110\006\064\040\014\006\107\006\047\006\314\000\040\006\176\006\314\006\110\006\106\006\057\000\040\000A\000g\000g\000l\000o\000m\000e\000r\000a\000t\000i\000v\000e}{subsection.3.7}% 35
\BOOKMARK [3][-]{subsubsection.3.7.4}{\376\377\006\106\006\102\006\064\006\107\000\040\006\055\006\061\006\047\006\061\006\052\006\314\000\040\000S\000i\000l\000h\000o\000u\000e\000t\000t\000e\000\040\000S\000c\000o\000r\000e\000\040\006\050\006\061\006\047\006\314\000\040\006\176\006\047\006\061\006\047\006\105\006\052\006\061\006\107\006\047\006\314\000\040\000D\000B\000S\000C\000A\000N}{subsection.3.7}% 36
\BOOKMARK [3][-]{subsubsection.3.7.5}{\376\377\006\105\006\102\006\047\006\314\006\063\006\107\000\040\006\050\006\107\006\052\006\061\006\314\006\106\000\040\006\047\006\105\006\052\006\314\006\047\006\062\000\040\000S\000i\000l\000h\000o\000u\000e\000t\000t\000e\000\040\006\050\006\061\006\047\006\314\000\040\006\063\006\107\000\040\006\047\006\104\006\257\006\110\006\061\006\314\006\052\006\105}{subsection.3.7}% 37
\BOOKMARK [1][-]{section.4}{\376\377\006\063\006\110\006\047\006\104\000\040\006\363\000:\000\040\006\106\006\070\006\061\006\314\006\107\000\040\006\314\006\047\006\057\006\257\006\314\006\061\006\314\000\040\000Q}{}% 38
\BOOKMARK [2][-]{subsection.4.1}{\376\377\006\105\006\102\006\057\006\105\006\107}{section.4}% 39
\BOOKMARK [2][-]{subsection.4.2}{\376\377\006\050\006\056\006\064\000\040\006\047\006\104\006\101\000:\000\040\006\105\006\071\006\047\006\057\006\104\006\107\000\040\006\110\000\040\006\176\006\047\006\061\006\047\006\105\006\052\006\061\006\107\006\047\006\314\000\040\006\314\006\047\006\057\006\257\006\314\006\061\006\314\000\040\000Q}{section.4}% 40
\BOOKMARK [3][-]{subsubsection.4.2.1}{\376\377\006\105\006\071\006\047\006\057\006\104\006\107\000\040\006\314\006\047\006\057\006\257\006\314\006\061\006\314\000\040\000Q}{subsection.4.2}% 41
\BOOKMARK [3][-]{subsubsection.4.2.2}{\376\377\006\176\006\047\006\061\006\047\006\105\006\052\006\061\006\107\006\047\006\314\000\040\006\047\006\104\006\257\006\110\006\061\006\314\006\052\006\105}{subsection.4.2}% 42
\BOOKMARK [3][-]{subsubsection.4.2.3}{\376\377\006\314\006\047\006\057\006\257\006\314\006\061\006\314\000\040\000O\000f\000f\000-\000P\000o\000l\000i\000c\000y}{subsection.4.2}% 43
\BOOKMARK [2][-]{subsection.4.3}{\376\377\006\050\006\056\006\064\000\040\006\050\000:\000\040\006\105\006\055\006\047\006\063\006\050\006\107\000\040\006\105\006\102\006\057\006\047\006\061\000\040\000Q}{section.4}% 44
\BOOKMARK [2][-]{subsection.4.4}{\376\377\006\050\006\056\006\064\000\040\006\054\000:\000\040\006\105\006\063\006\047\006\046\006\104\000\040\006\107\006\105\006\257\006\061\006\047\006\314\006\314\000\040\006\110\000\040\006\061\006\047\006\107\040\014\006\055\006\104\040\014\006\107\006\047}{section.4}% 45
\BOOKMARK [3][-]{subsubsection.4.4.1}{\376\377\006\106\006\061\006\056\000\040\006\314\006\047\006\057\006\257\006\314\006\061\006\314\000\040\006\106\006\047\006\105\006\106\006\047\006\063\006\050\000\040\000\050\000\051}{subsection.4.4}% 46
\BOOKMARK [3][-]{subsubsection.4.4.2}{\376\377\006\047\006\251\006\052\006\064\006\047\006\101\000\040\006\106\006\047\006\251\006\047\006\101\006\314\000\040\006\314\006\047\000\040\006\047\006\063\006\052\006\061\006\047\006\052\006\230\006\314\000\040\006\047\006\251\006\052\006\064\006\047\006\101\000\040\006\066\006\071\006\314\006\101}{subsection.4.4}% 47
\BOOKMARK [1][-]{section.5}{\376\377\006\176\006\061\006\110\006\230\006\107\000\040\006\106\006\107\006\047\006\314\006\314\000:\000\040\006\056\006\067\000\040\006\104\006\110\006\104\006\107\000\040\006\054\006\047\006\105\006\071\000\040\006\314\006\047\006\057\006\257\006\314\006\061\006\314\000\040\006\105\006\047\006\064\006\314\006\106}{}% 48
\BOOKMARK [2][-]{subsection.5.1}{\376\377\006\105\006\102\006\057\006\105\006\107}{section.5}% 49
\BOOKMARK [2][-]{subsection.5.2}{\376\377\006\050\006\056\006\064\000\040\006\361\000:\000\040\006\105\006\071\006\061\006\101\006\314\000\040\006\105\006\063\006\046\006\104\006\107\000\040\006\110\000\040\006\057\006\047\006\057\006\107}{section.5}% 50
\BOOKMARK [2][-]{subsection.5.3}{\376\377\006\050\006\056\006\064\000\040\006\362\000:\000\040\006\176\006\314\006\064\040\014\006\176\006\061\006\057\006\047\006\062\006\064\000\040\006\057\006\047\006\057\006\107}{section.5}% 51
\BOOKMARK [3][-]{subsubsection.5.3.1}{\376\377\006\105\006\057\006\314\006\061\006\314\006\052\000\040\006\105\006\102\006\047\006\057\006\314\006\061\000\040\006\257\006\105\040\014\006\064\006\057\006\107}{subsection.5.3}% 52
\BOOKMARK [3][-]{subsubsection.5.3.2}{\376\377\006\251\006\057\006\257\006\060\006\047\006\061\006\314\000\040\006\105\006\052\006\072\006\314\006\061\006\107\006\047\006\314\000\040\006\057\006\063\006\052\006\107\040\014\006\047\006\314}{subsection.5.3}% 53
\BOOKMARK [3][-]{subsubsection.5.3.3}{\376\377\006\052\006\064\006\056\006\314\006\065\000\040\006\110\000\040\006\057\006\061\006\105\006\047\006\106\000\040\006\057\006\047\006\057\006\107\040\014\006\107\006\047\006\314\000\040\006\176\006\061\006\052}{subsection.5.3}% 54
\BOOKMARK [3][-]{subsubsection.5.3.4}{\376\377\006\105\006\102\006\314\006\047\006\063\040\014\006\257\006\060\006\047\006\061\006\314\000\040\006\110\006\314\006\230\006\257\006\314\040\014\006\107\006\047}{subsection.5.3}% 55
\BOOKMARK [2][-]{subsection.5.4}{\376\377\006\050\006\056\006\064\000\040\006\363\000:\000\040\006\251\006\047\006\107\006\064\000\040\006\047\006\050\006\071\006\047\006\057}{section.5}% 56
\BOOKMARK [3][-]{subsubsection.5.4.1}{\376\377\000P\000C\000A\000\040\000\050\006\052\006\055\006\104\006\314\006\104\000\040\006\105\006\044\006\104\006\101\006\107\000\040\006\047\006\065\006\104\006\314\000\051}{subsection.5.4}% 57
\BOOKMARK [3][-]{subsubsection.5.4.2}{\376\377\000L\000D\000A\000\040\000\050\006\052\006\055\006\104\006\314\006\104\000\040\006\052\006\064\006\056\006\314\006\065\000\040\006\056\006\067\006\314\000\051}{subsection.5.4}% 58
\BOOKMARK [3][-]{subsubsection.5.4.3}{\376\377\000t\000-\000S\000N\000E}{subsection.5.4}% 59
\BOOKMARK [2][-]{subsection.5.5}{\376\377\006\050\006\056\006\064\000\040\006\364\000:\000\040\006\047\006\106\006\052\006\056\006\047\006\050\000\040\006\110\000\040\006\042\006\105\006\110\006\062\006\064\000\040\006\105\006\057\006\104}{section.5}% 60
\BOOKMARK [3][-]{subsubsection.5.5.1}{\376\377\000R\000a\000n\000d\000o\000m\000\040\000F\000o\000r\000e\000s\000t}{subsection.5.5}% 61
\BOOKMARK [3][-]{subsubsection.5.5.2}{\376\377\000G\000r\000a\000d\000i\000e\000n\000t\000\040\000B\000o\000o\000s\000t\000i\000n\000g}{subsection.5.5}% 62
\BOOKMARK [3][-]{subsubsection.5.5.3}{\376\377\000S\000u\000p\000p\000o\000r\000t\000\040\000V\000e\000c\000t\000o\000r\000\040\000M\000a\000c\000h\000i\000n\000e}{subsection.5.5}% 63
\BOOKMARK [2][-]{subsection.5.6}{\376\377\006\050\006\056\006\064\000\040\006\365\000:\000\040\006\052\006\106\006\070\006\314\006\105\000\040\006\047\006\050\006\061\006\176\006\047\006\061\006\047\006\105\006\052\006\061\006\107\006\047}{section.5}% 64
\BOOKMARK [3][-]{subsubsection.5.6.1}{\376\377\000R\000a\000n\000d\000o\000m\000\040\000F\000o\000r\000e\000s\000t}{subsection.5.6}% 65
\BOOKMARK [3][-]{subsubsection.5.6.2}{\376\377\000G\000r\000a\000d\000i\000e\000n\000t\000\040\000B\000o\000o\000s\000t\000i\000n\000g}{subsection.5.6}% 66
\BOOKMARK [2][-]{subsection.5.7}{\376\377\006\050\006\056\006\064\000\040\006\366\000:\000\040\006\047\006\061\006\062\006\314\006\047\006\050\006\314\000\040\006\110\000\040\006\102\006\047\006\050\006\104\006\314\006\052\000\040\006\052\006\251\006\061\006\047\006\061}{section.5}% 67
\BOOKMARK [3][-]{subsubsection.5.7.1}{\376\377\006\106\006\052\006\047\006\314\006\054\000\040\006\106\006\107\006\047\006\314\006\314\000\040\006\110\000\040\006\052\006\055\006\104\006\314\006\104\000\040\006\054\006\047\006\105\006\071}{subsection.5.7}% 68
\BOOKMARK [3][-]{subsubsection.5.7.2}{\376\377\006\052\006\055\006\104\006\314\006\104\000\040\006\105\006\064\006\251\006\104\006\047\006\052\000\040\006\110\000\040\006\105\006\063\006\047\006\046\006\104}{subsection.5.7}% 69
\BOOKMARK [3][-]{subsubsection.5.7.3}{\376\377\006\176\006\314\006\064\006\106\006\107\006\047\006\057\006\047\006\052\000\040\006\050\006\107\006\050\006\110\006\057}{subsection.5.7}% 70
\BOOKMARK [2][-]{subsection.5.8}{\376\377\006\050\006\056\006\064\000\040\006\367\000:\000\040\006\052\006\054\006\063\006\105\000\040\006\110\000\040\006\052\006\055\006\104\006\314\006\104}{section.5}% 71
\BOOKMARK [3][-]{subsubsection.5.8.1}{\376\377\006\105\006\047\006\052\006\061\006\314\006\063\000\040\006\063\006\061\006\057\006\061\006\257\006\105\006\314}{subsection.5.8}% 72
\BOOKMARK [3][-]{subsubsection.5.8.2}{\376\377\006\105\006\106\006\055\006\106\006\314\000\040\000R\000O\000C}{subsection.5.8}% 73
\BOOKMARK [3][-]{subsubsection.5.8.3}{\376\377\006\105\006\106\006\055\006\106\006\314\000\040\000P\000r\000e\000c\000i\000s\000i\000o\000n\000-\000R\000e\000c\000a\000l\000l}{subsection.5.8}% 74
\BOOKMARK [3][-]{subsubsection.5.8.4}{\376\377\006\105\006\102\006\047\006\314\006\063\006\107\000\040\006\105\006\071\006\314\006\047\006\061\006\107\006\047}{subsection.5.8}% 75
\BOOKMARK [3][-]{subsubsection.5.8.5}{\376\377\006\047\006\107\006\105\006\314\006\052\000\040\006\110\006\314\006\230\006\257\006\314\040\014\006\107\006\047}{subsection.5.8}% 76
\BOOKMARK [3][-]{subsubsection.5.8.6}{\376\377\006\052\006\110\006\062\006\314\006\071\000\040\006\047\006\055\006\052\006\105\006\047\006\104\006\047\006\052}{subsection.5.8}% 77
\BOOKMARK [3][-]{subsubsection.5.8.7}{\376\377\006\056\006\104\006\047\006\065\006\107\000\040\006\105\006\102\006\047\006\314\006\063\006\107\000\040\006\105\006\057\006\104\040\014\006\107\006\047}{subsection.5.8}% 78
\BOOKMARK [1][-]{section.6}{\376\377\006\106\006\052\006\314\006\054\006\107\040\014\006\257\006\314\006\061\006\314}{}% 79
